
[1m[46m RUN [49m[22m [36mv4.0.16 [39m[90mC:/Users/PC/Downloads/CO4029/frontend-architecture[39m

 [32mΓ£ô[39m [30m[45m storybook (chromium) [49m[39m stories/ProductCard.stories.tsx [2m([22m[2m3 tests[22m[2m)[22m[33m 430[2mms[22m[39m
   [33m[2mΓ£ô[22m[39m Default [33m 346[2mms[22m[39m
 [32mΓ£ô[39m [30m[45m storybook (chromium) [49m[39m stories/Button.stories.ts [2m([22m[2m4 tests[22m[2m)[22m[33m 432[2mms[22m[39m
   [33m[2mΓ£ô[22m[39m Primary [33m 344[2mms[22m[39m

[2m Test Files [22m [1m[31m4 failed[39m[22m[2m | [22m[1m[32m2 passed[39m[22m[90m (6)[39m
[2m      Tests [22m [1m[32m7 passed[39m[22m[90m (7)[39m
[2m   Start at [22m 01:29:21
[2m   Duration [22m 4.53s[2m (transform 147ms, setup 1.50s, import 330ms, tests 862ms, environment 7.35s)[22m

